<!DOCTYPE html>
<html xmlns="http://www.w3.org/1999/xhtml"
	xmlns:th="http://www.thymeleaf.org" lang="ja">
<head>
<title>テスト</title>
</head>
<body>
	<div>
		<span>Hello</span>
	</div>
</body>
</html>
